// Jest Snapshot v1, https://goo.gl/fbAQLP

exports[`Snapshot del app 1`] = `
<div
  role="app"
>
  <nav
    class="navbar navbar-dark bg-dark"
  >
    <div
      class="container-fluid"
    >
      <span
        class="navbar-brand mb-0 h1"
      >
        Gallery App
      </span>
    </div>
  </nav>
  <div
    class="container border"
  >
    <div
      class="text-center"
    >
      <form>
        <label
          class="w-75"
        >
           
          Buscar: 
          <input
            class="w-100"
            name="inputText"
            type="text"
          />
           
        </label>
        <button
          class="btn btn-success m-2"
          type="submit"
        >
          <span
            class="material-icons"
          >
            search
          </span>
        </button>
      </form>
      <hr />
      <div
        class="spinner-border text-info"
        role="status"
      >
        <span
          class="visually-hidden"
        >
          Loading...
        </span>
      </div>
      <div
        class="row"
      />
    </div>
  </div>
  <nav
    class="navbar navbar-dark text-center bg-dark"
  >
    <div
      class="container-fluid "
    >
      <p
        class="navbar-brand h1"
      >
        Edward Brito - Â© 
        2022
         
      </p>
    </div>
  </nav>
</div>
`;
