// Jest Snapshot v1, https://goo.gl/fbAQLP

exports[`<Cards/> Snapshot cards 1`] = `
<div
  aria-label="imagenes"
  class="row"
/>
`;
