// Jest Snapshot v1, https://goo.gl/fbAQLP

exports[`<ButtonCounter/> Cree un boton correctamente  Snapshot 1`] = `
<button
  aria-label="aumentar"
>
  3
</button>
`;
